// Bun Snapshot v1, https://bun.sh/docs/test/snapshots

exports[`vertical-arithmetic-setup - normal variation 1 1`] = `"<div style="display: inline-block; font-family: 'Courier New', monospace; font-size: 1.2em; text-align: right;"><div style="text-align: center; margin-bottom: 5px; font-family: sans-serif;">uberrime tendo</div><table style="border-collapse: collapse;"><tr><td></td><td style="padding: 2px 5px;">uberrime</td></tr><tr><td style="padding: 2px 5px;">×</td><td style="padding: 2px 5px; border-bottom: 2px solid #000000;">uberrime</td></tr></table></div>"`;

exports[`vertical-arithmetic-setup - normal variation 2 1`] = `"<div style="display: inline-block; font-family: 'Courier New', monospace; font-size: 1.2em; text-align: right;"><div style="text-align: center; margin-bottom: 5px; font-family: sans-serif;">vinitor adstringo ago truculenter tabgo spargo</div><table style="border-collapse: collapse;"><tr><td></td><td style="padding: 2px 5px;">vinitor</td></tr><tr><td style="padding: 2px 5px;">−</td><td style="padding: 2px 5px; border-bottom: 2px solid #000000;">vinitor</td></tr></table></div>"`;

exports[`vertical-arithmetic-setup - normal variation 3 1`] = `"<div style="display: inline-block; font-family: 'Courier New', monospace; font-size: 1.2em; text-align: right;"><div style="text-align: center; margin-bottom: 5px; font-family: sans-serif;">illum corpus peccatus</div><table style="border-collapse: collapse;"><tr><td></td><td style="padding: 2px 5px;">illum</td></tr><tr><td style="padding: 2px 5px;">×</td><td style="padding: 2px 5px; border-bottom: 2px solid #000000;">illum</td></tr></table></div>"`;

exports[`vertical-arithmetic-setup - normal variation 4 1`] = `"<div style="display: inline-block; font-family: 'Courier New', monospace; font-size: 1.2em; text-align: right;"><div style="text-align: center; margin-bottom: 5px; font-family: sans-serif;">amet crustulum arma</div><table style="border-collapse: collapse;"><tr><td></td><td style="padding: 2px 5px;">amet</td></tr><tr><td style="padding: 2px 5px;">×</td><td style="padding: 2px 5px; border-bottom: 2px solid #000000;">amet</td></tr></table></div>"`;

exports[`vertical-arithmetic-setup - normal variation 5 1`] = `"<div style="display: inline-block; font-family: 'Courier New', monospace; font-size: 1.2em; text-align: right;"><div style="text-align: center; margin-bottom: 5px; font-family: sans-serif;">talis theatrum vilitas taedium vesco</div><table style="border-collapse: collapse;"><tr><td></td><td style="padding: 2px 5px;">talis</td></tr><tr><td style="padding: 2px 5px;">+</td><td style="padding: 2px 5px; border-bottom: 2px solid #000000;">talis</td></tr></table></div>"`;

exports[`vertical-arithmetic-setup - normal variation 6 1`] = `"<div style="display: inline-block; font-family: 'Courier New', monospace; font-size: 1.2em; text-align: right;"><div style="text-align: center; margin-bottom: 5px; font-family: sans-serif;">traho deorsum cedo a somnus</div><table style="border-collapse: collapse;"><tr><td></td><td style="padding: 2px 5px;">traho</td></tr><tr><td style="padding: 2px 5px;">−</td><td style="padding: 2px 5px; border-bottom: 2px solid #000000;">traho</td></tr></table></div>"`;

exports[`vertical-arithmetic-setup - normal variation 7 1`] = `"<div style="display: inline-block; font-family: 'Courier New', monospace; font-size: 1.2em; text-align: right;"><div style="text-align: center; margin-bottom: 5px; font-family: sans-serif;">arcus soleo aequus</div><table style="border-collapse: collapse;"><tr><td></td><td style="padding: 2px 5px;">arcus</td></tr><tr><td style="padding: 2px 5px;">×</td><td style="padding: 2px 5px; border-bottom: 2px solid #000000;">arcus</td></tr></table></div>"`;

exports[`vertical-arithmetic-setup - normal variation 8 1`] = `"<div style="display: inline-block; font-family: 'Courier New', monospace; font-size: 1.2em; text-align: right;"><div style="text-align: center; margin-bottom: 5px; font-family: sans-serif;">vivo antepono sufficio</div><table style="border-collapse: collapse;"><tr><td></td><td style="padding: 2px 5px;">vivo</td></tr><tr><td style="padding: 2px 5px;">×</td><td style="padding: 2px 5px; border-bottom: 2px solid #000000;">vivo</td></tr></table></div>"`;

exports[`vertical-arithmetic-setup - normal variation 9 1`] = `"<div style="display: inline-block; font-family: 'Courier New', monospace; font-size: 1.2em; text-align: right;"><div style="text-align: center; margin-bottom: 5px; font-family: sans-serif;">corroboro aptus usitas absconditus</div><table style="border-collapse: collapse;"><tr><td></td><td style="padding: 2px 5px;">corroboro</td></tr><tr><td style="padding: 2px 5px;">+</td><td style="padding: 2px 5px; border-bottom: 2px solid #000000;">corroboro</td></tr></table></div>"`;

exports[`vertical-arithmetic-setup - normal variation 10 1`] = `"<div style="display: inline-block; font-family: 'Courier New', monospace; font-size: 1.2em; text-align: right;"><div style="text-align: center; margin-bottom: 5px; font-family: sans-serif;">curto nesciunt basium torqueo</div><table style="border-collapse: collapse;"><tr><td></td><td style="padding: 2px 5px;">curto</td></tr><tr><td style="padding: 2px 5px;">+</td><td style="padding: 2px 5px; border-bottom: 2px solid #000000;">curto</td></tr></table></div>"`;

exports[`vertical-arithmetic-setup - normal variation 11 1`] = `"<div style="display: inline-block; font-family: 'Courier New', monospace; font-size: 1.2em; text-align: right;"><div style="text-align: center; margin-bottom: 5px; font-family: sans-serif;">laborum vesper deleniti distinctio</div><table style="border-collapse: collapse;"><tr><td></td><td style="padding: 2px 5px;">laborum</td></tr><tr><td style="padding: 2px 5px;">+</td><td style="padding: 2px 5px; border-bottom: 2px solid #000000;">laborum</td></tr></table></div>"`;

exports[`vertical-arithmetic-setup - normal variation 12 1`] = `"<div style="display: inline-block; font-family: 'Courier New', monospace; font-size: 1.2em; text-align: right;"><div style="text-align: center; margin-bottom: 5px; font-family: sans-serif;">solum sophismata aranea abstergo</div><table style="border-collapse: collapse;"><tr><td></td><td style="padding: 2px 5px;">solum</td></tr><tr><td style="padding: 2px 5px;">+</td><td style="padding: 2px 5px; border-bottom: 2px solid #000000;">solum</td></tr></table></div>"`;

exports[`vertical-arithmetic-setup - normal variation 13 1`] = `"<div style="display: inline-block; font-family: 'Courier New', monospace; font-size: 1.2em; text-align: right;"><div style="text-align: center; margin-bottom: 5px; font-family: sans-serif;">stillicidium stella ulciscor</div><table style="border-collapse: collapse;"><tr><td></td><td style="padding: 2px 5px;">stillicidium</td></tr><tr><td style="padding: 2px 5px;">×</td><td style="padding: 2px 5px; border-bottom: 2px solid #000000;">stillicidium</td></tr></table></div>"`;

exports[`vertical-arithmetic-setup - normal variation 14 1`] = `"<div style="display: inline-block; font-family: 'Courier New', monospace; font-size: 1.2em; text-align: right;"><div style="text-align: center; margin-bottom: 5px; font-family: sans-serif;">subvenio solio</div><table style="border-collapse: collapse;"><tr><td></td><td style="padding: 2px 5px;">subvenio</td></tr><tr><td style="padding: 2px 5px;">×</td><td style="padding: 2px 5px; border-bottom: 2px solid #000000;">subvenio</td></tr></table></div>"`;

exports[`vertical-arithmetic-setup - normal variation 15 1`] = `"<div style="display: inline-block; font-family: 'Courier New', monospace; font-size: 1.2em; text-align: right;"><div style="text-align: center; margin-bottom: 5px; font-family: sans-serif;">absum tabgo ars vos acceptus utroque</div><table style="border-collapse: collapse;"><tr><td></td><td style="padding: 2px 5px;">absum</td></tr><tr><td style="padding: 2px 5px;">−</td><td style="padding: 2px 5px; border-bottom: 2px solid #000000;">absum</td></tr></table></div>"`;

exports[`vertical-arithmetic-setup - normal variation 16 1`] = `"<div style="display: inline-block; font-family: 'Courier New', monospace; font-size: 1.2em; text-align: right;"><div style="text-align: center; margin-bottom: 5px; font-family: sans-serif;">denique cur dedecor</div><table style="border-collapse: collapse;"><tr><td></td><td style="padding: 2px 5px;">denique</td></tr><tr><td style="padding: 2px 5px;">+</td><td style="padding: 2px 5px; border-bottom: 2px solid #000000;">denique</td></tr></table></div>"`;

exports[`vertical-arithmetic-setup - normal variation 17 1`] = `"<div style="display: inline-block; font-family: 'Courier New', monospace; font-size: 1.2em; text-align: right;"><div style="text-align: center; margin-bottom: 5px; font-family: sans-serif;">timidus vitium clam tener</div><table style="border-collapse: collapse;"><tr><td></td><td style="padding: 2px 5px;">timidus</td></tr><tr><td style="padding: 2px 5px;">+</td><td style="padding: 2px 5px; border-bottom: 2px solid #000000;">timidus</td></tr></table></div>"`;

exports[`vertical-arithmetic-setup - normal variation 18 1`] = `"<div style="display: inline-block; font-family: 'Courier New', monospace; font-size: 1.2em; text-align: right;"><div style="text-align: center; margin-bottom: 5px; font-family: sans-serif;">solvo conculco</div><table style="border-collapse: collapse;"><tr><td></td><td style="padding: 2px 5px;">solvo</td></tr><tr><td style="padding: 2px 5px;">×</td><td style="padding: 2px 5px; border-bottom: 2px solid #000000;">solvo</td></tr></table></div>"`;

exports[`vertical-arithmetic-setup - normal variation 19 1`] = `"<div style="display: inline-block; font-family: 'Courier New', monospace; font-size: 1.2em; text-align: right;"><div style="text-align: center; margin-bottom: 5px; font-family: sans-serif;">territo eius dolorem cruentus vulnus</div><table style="border-collapse: collapse;"><tr><td></td><td style="padding: 2px 5px;">territo</td></tr><tr><td style="padding: 2px 5px;">−</td><td style="padding: 2px 5px; border-bottom: 2px solid #000000;">territo</td></tr></table></div>"`;

exports[`vertical-arithmetic-setup - normal variation 20 1`] = `"<div style="display: inline-block; font-family: 'Courier New', monospace; font-size: 1.2em; text-align: right;"><div style="text-align: center; margin-bottom: 5px; font-family: sans-serif;">stipes tener ventito caveo repellat ventosus</div><table style="border-collapse: collapse;"><tr><td></td><td style="padding: 2px 5px;">stipes</td></tr><tr><td style="padding: 2px 5px;">−</td><td style="padding: 2px 5px; border-bottom: 2px solid #000000;">stipes</td></tr></table></div>"`;

exports[`vertical-arithmetic-setup - normal variation 21 1`] = `"<div style="display: inline-block; font-family: 'Courier New', monospace; font-size: 1.2em; text-align: right;"><div style="text-align: center; margin-bottom: 5px; font-family: sans-serif;">strues rem</div><table style="border-collapse: collapse;"><tr><td></td><td style="padding: 2px 5px;">strues</td></tr><tr><td style="padding: 2px 5px;">×</td><td style="padding: 2px 5px; border-bottom: 2px solid #000000;">strues</td></tr></table></div>"`;

exports[`vertical-arithmetic-setup - normal variation 22 1`] = `"<div style="display: inline-block; font-family: 'Courier New', monospace; font-size: 1.2em; text-align: right;"><div style="text-align: center; margin-bottom: 5px; font-family: sans-serif;">aqua acervus vulticulus audacia animi soleo</div><table style="border-collapse: collapse;"><tr><td></td><td style="padding: 2px 5px;">aqua</td></tr><tr><td style="padding: 2px 5px;">−</td><td style="padding: 2px 5px; border-bottom: 2px solid #000000;">aqua</td></tr></table></div>"`;

exports[`vertical-arithmetic-setup - normal variation 23 1`] = `"<div style="display: inline-block; font-family: 'Courier New', monospace; font-size: 1.2em; text-align: right;"><div style="text-align: center; margin-bottom: 5px; font-family: sans-serif;">vinum vapulus agnosco omnis curriculum ex</div><table style="border-collapse: collapse;"><tr><td></td><td style="padding: 2px 5px;">vinum</td></tr><tr><td style="padding: 2px 5px;">−</td><td style="padding: 2px 5px; border-bottom: 2px solid #000000;">vinum</td></tr></table></div>"`;

exports[`vertical-arithmetic-setup - normal variation 24 1`] = `"<div style="display: inline-block; font-family: 'Courier New', monospace; font-size: 1.2em; text-align: right;"><div style="text-align: center; margin-bottom: 5px; font-family: sans-serif;">tumultus auctor vulticulus aut speciosus</div><table style="border-collapse: collapse;"><tr><td></td><td style="padding: 2px 5px;">tumultus</td></tr><tr><td style="padding: 2px 5px;">−</td><td style="padding: 2px 5px; border-bottom: 2px solid #000000;">tumultus</td></tr></table></div>"`;

exports[`vertical-arithmetic-setup - normal variation 25 1`] = `"<div style="display: inline-block; font-family: 'Courier New', monospace; font-size: 1.2em; text-align: right;"><div style="text-align: center; margin-bottom: 5px; font-family: sans-serif;">vester turpis benigne</div><table style="border-collapse: collapse;"><tr><td></td><td style="padding: 2px 5px;">vester</td></tr><tr><td style="padding: 2px 5px;">+</td><td style="padding: 2px 5px; border-bottom: 2px solid #000000;">vester</td></tr></table></div>"`;

exports[`vertical-arithmetic-setup - normal variation 26 1`] = `"<div style="display: inline-block; font-family: 'Courier New', monospace; font-size: 1.2em; text-align: right;"><div style="text-align: center; margin-bottom: 5px; font-family: sans-serif;">balbus bardus paulatim adstringo tergeo</div><table style="border-collapse: collapse;"><tr><td></td><td style="padding: 2px 5px;">balbus</td></tr><tr><td style="padding: 2px 5px;">−</td><td style="padding: 2px 5px; border-bottom: 2px solid #000000;">balbus</td></tr></table></div>"`;

exports[`vertical-arithmetic-setup - normal variation 27 1`] = `"<div style="display: inline-block; font-family: 'Courier New', monospace; font-size: 1.2em; text-align: right;"><div style="text-align: center; margin-bottom: 5px; font-family: sans-serif;">substantia vita auxilium aedificium tredecim</div><table style="border-collapse: collapse;"><tr><td></td><td style="padding: 2px 5px;">substantia</td></tr><tr><td style="padding: 2px 5px;">+</td><td style="padding: 2px 5px; border-bottom: 2px solid #000000;">substantia</td></tr></table></div>"`;

exports[`vertical-arithmetic-setup - normal variation 28 1`] = `"<div style="display: inline-block; font-family: 'Courier New', monospace; font-size: 1.2em; text-align: right;"><div style="text-align: center; margin-bottom: 5px; font-family: sans-serif;">aperte patria</div><table style="border-collapse: collapse;"><tr><td></td><td style="padding: 2px 5px;">aperte</td></tr><tr><td style="padding: 2px 5px;">×</td><td style="padding: 2px 5px; border-bottom: 2px solid #000000;">aperte</td></tr></table></div>"`;

exports[`vertical-arithmetic-setup - normal variation 29 1`] = `"<div style="display: inline-block; font-family: 'Courier New', monospace; font-size: 1.2em; text-align: right;"><div style="text-align: center; margin-bottom: 5px; font-family: sans-serif;">coniuratio tutis civitas dolore</div><table style="border-collapse: collapse;"><tr><td></td><td style="padding: 2px 5px;">coniuratio</td></tr><tr><td style="padding: 2px 5px;">+</td><td style="padding: 2px 5px; border-bottom: 2px solid #000000;">coniuratio</td></tr></table></div>"`;

exports[`vertical-arithmetic-setup - normal variation 30 1`] = `"<div style="display: inline-block; font-family: 'Courier New', monospace; font-size: 1.2em; text-align: right;"><div style="text-align: center; margin-bottom: 5px; font-family: sans-serif;">civitas adaugeo solitudo bellum</div><table style="border-collapse: collapse;"><tr><td></td><td style="padding: 2px 5px;">civitas</td></tr><tr><td style="padding: 2px 5px;">+</td><td style="padding: 2px 5px; border-bottom: 2px solid #000000;">civitas</td></tr></table></div>"`;

exports[`vertical-arithmetic-setup - normal variation 31 1`] = `"<div style="display: inline-block; font-family: 'Courier New', monospace; font-size: 1.2em; text-align: right;"><div style="text-align: center; margin-bottom: 5px; font-family: sans-serif;">amplexus crudelis</div><table style="border-collapse: collapse;"><tr><td></td><td style="padding: 2px 5px;">amplexus</td></tr><tr><td style="padding: 2px 5px;">×</td><td style="padding: 2px 5px; border-bottom: 2px solid #000000;">amplexus</td></tr></table></div>"`;

exports[`vertical-arithmetic-setup - normal variation 32 1`] = `"<div style="display: inline-block; font-family: 'Courier New', monospace; font-size: 1.2em; text-align: right;"><div style="text-align: center; margin-bottom: 5px; font-family: sans-serif;">benigne cognatus</div><table style="border-collapse: collapse;"><tr><td></td><td style="padding: 2px 5px;">benigne</td></tr><tr><td style="padding: 2px 5px;">×</td><td style="padding: 2px 5px; border-bottom: 2px solid #000000;">benigne</td></tr></table></div>"`;

exports[`vertical-arithmetic-setup - normal variation 33 1`] = `"<div style="display: inline-block; font-family: 'Courier New', monospace; font-size: 1.2em; text-align: right;"><div style="text-align: center; margin-bottom: 5px; font-family: sans-serif;">ratione totidem chirographum solio</div><table style="border-collapse: collapse;"><tr><td></td><td style="padding: 2px 5px;">ratione</td></tr><tr><td style="padding: 2px 5px;">+</td><td style="padding: 2px 5px; border-bottom: 2px solid #000000;">ratione</td></tr></table></div>"`;

exports[`vertical-arithmetic-setup - normal variation 34 1`] = `"<div style="display: inline-block; font-family: 'Courier New', monospace; font-size: 1.2em; text-align: right;"><div style="text-align: center; margin-bottom: 5px; font-family: sans-serif;">occaecati turpis velociter vaco</div><table style="border-collapse: collapse;"><tr><td></td><td style="padding: 2px 5px;">occaecati</td></tr><tr><td style="padding: 2px 5px;">+</td><td style="padding: 2px 5px; border-bottom: 2px solid #000000;">occaecati</td></tr></table></div>"`;

exports[`vertical-arithmetic-setup - normal variation 35 1`] = `"<div style="display: inline-block; font-family: 'Courier New', monospace; font-size: 1.2em; text-align: right;"><div style="text-align: center; margin-bottom: 5px; font-family: sans-serif;">tandem tametsi uredo circumvenio</div><table style="border-collapse: collapse;"><tr><td></td><td style="padding: 2px 5px;">tandem</td></tr><tr><td style="padding: 2px 5px;">+</td><td style="padding: 2px 5px; border-bottom: 2px solid #000000;">tandem</td></tr></table></div>"`;

exports[`vertical-arithmetic-setup - normal variation 36 1`] = `"<div style="display: inline-block; font-family: 'Courier New', monospace; font-size: 1.2em; text-align: right;"><div style="text-align: center; margin-bottom: 5px; font-family: sans-serif;">vorago vitiosus versus</div><table style="border-collapse: collapse;"><tr><td></td><td style="padding: 2px 5px;">vorago</td></tr><tr><td style="padding: 2px 5px;">×</td><td style="padding: 2px 5px; border-bottom: 2px solid #000000;">vorago</td></tr></table></div>"`;

exports[`vertical-arithmetic-setup - normal variation 37 1`] = `"<div style="display: inline-block; font-family: 'Courier New', monospace; font-size: 1.2em; text-align: right;"><div style="text-align: center; margin-bottom: 5px; font-family: sans-serif;">aliqua quae turbo trucido dolorum</div><table style="border-collapse: collapse;"><tr><td></td><td style="padding: 2px 5px;">aliqua</td></tr><tr><td style="padding: 2px 5px;">−</td><td style="padding: 2px 5px; border-bottom: 2px solid #000000;">aliqua</td></tr></table></div>"`;

exports[`vertical-arithmetic-setup - normal variation 38 1`] = `"<div style="display: inline-block; font-family: 'Courier New', monospace; font-size: 1.2em; text-align: right;"><div style="text-align: center; margin-bottom: 5px; font-family: sans-serif;">curto surculus aeger sublime corrupti</div><table style="border-collapse: collapse;"><tr><td></td><td style="padding: 2px 5px;">curto</td></tr><tr><td style="padding: 2px 5px;">+</td><td style="padding: 2px 5px; border-bottom: 2px solid #000000;">curto</td></tr></table></div>"`;

exports[`vertical-arithmetic-setup - normal variation 39 1`] = `"<div style="display: inline-block; font-family: 'Courier New', monospace; font-size: 1.2em; text-align: right;"><div style="text-align: center; margin-bottom: 5px; font-family: sans-serif;">creptio autem crustulum</div><table style="border-collapse: collapse;"><tr><td></td><td style="padding: 2px 5px;">creptio</td></tr><tr><td style="padding: 2px 5px;">×</td><td style="padding: 2px 5px; border-bottom: 2px solid #000000;">creptio</td></tr></table></div>"`;

exports[`vertical-arithmetic-setup - normal variation 40 1`] = `"<div style="display: inline-block; font-family: 'Courier New', monospace; font-size: 1.2em; text-align: right;"><div style="text-align: center; margin-bottom: 5px; font-family: sans-serif;">utpote addo cimentarius vito</div><table style="border-collapse: collapse;"><tr><td></td><td style="padding: 2px 5px;">utpote</td></tr><tr><td style="padding: 2px 5px;">+</td><td style="padding: 2px 5px; border-bottom: 2px solid #000000;">utpote</td></tr></table></div>"`;

exports[`vertical-arithmetic-setup - normal variation 41 1`] = `"<div style="display: inline-block; font-family: 'Courier New', monospace; font-size: 1.2em; text-align: right;"><div style="text-align: center; margin-bottom: 5px; font-family: sans-serif;">callide asperiores vereor</div><table style="border-collapse: collapse;"><tr><td></td><td style="padding: 2px 5px;">callide</td></tr><tr><td style="padding: 2px 5px;">+</td><td style="padding: 2px 5px; border-bottom: 2px solid #000000;">callide</td></tr></table></div>"`;

exports[`vertical-arithmetic-setup - normal variation 42 1`] = `"<div style="display: inline-block; font-family: 'Courier New', monospace; font-size: 1.2em; text-align: right;"><div style="text-align: center; margin-bottom: 5px; font-family: sans-serif;">acidus cervus cado tabgo spiculum</div><table style="border-collapse: collapse;"><tr><td></td><td style="padding: 2px 5px;">acidus</td></tr><tr><td style="padding: 2px 5px;">+</td><td style="padding: 2px 5px; border-bottom: 2px solid #000000;">acidus</td></tr></table></div>"`;

exports[`vertical-arithmetic-setup - normal variation 43 1`] = `"<div style="display: inline-block; font-family: 'Courier New', monospace; font-size: 1.2em; text-align: right;"><div style="text-align: center; margin-bottom: 5px; font-family: sans-serif;">subito arbitro</div><table style="border-collapse: collapse;"><tr><td></td><td style="padding: 2px 5px;">subito</td></tr><tr><td style="padding: 2px 5px;">×</td><td style="padding: 2px 5px; border-bottom: 2px solid #000000;">subito</td></tr></table></div>"`;

exports[`vertical-arithmetic-setup - normal variation 44 1`] = `"<div style="display: inline-block; font-family: 'Courier New', monospace; font-size: 1.2em; text-align: right;"><div style="text-align: center; margin-bottom: 5px; font-family: sans-serif;">id unus atqui caelestis</div><table style="border-collapse: collapse;"><tr><td></td><td style="padding: 2px 5px;">id</td></tr><tr><td style="padding: 2px 5px;">+</td><td style="padding: 2px 5px; border-bottom: 2px solid #000000;">id</td></tr></table></div>"`;

exports[`vertical-arithmetic-setup - normal variation 45 1`] = `"<div style="display: inline-block; font-family: 'Courier New', monospace; font-size: 1.2em; text-align: right;"><div style="text-align: center; margin-bottom: 5px; font-family: sans-serif;">depopulo aggredior confido</div><table style="border-collapse: collapse;"><tr><td></td><td style="padding: 2px 5px;">depopulo</td></tr><tr><td style="padding: 2px 5px;">×</td><td style="padding: 2px 5px; border-bottom: 2px solid #000000;">depopulo</td></tr></table></div>"`;

exports[`vertical-arithmetic-setup - normal variation 46 1`] = `"<div style="display: inline-block; font-family: 'Courier New', monospace; font-size: 1.2em; text-align: right;"><div style="text-align: center; margin-bottom: 5px; font-family: sans-serif;">cubo odit unde calco ducimus nulla</div><table style="border-collapse: collapse;"><tr><td></td><td style="padding: 2px 5px;">cubo</td></tr><tr><td style="padding: 2px 5px;">−</td><td style="padding: 2px 5px; border-bottom: 2px solid #000000;">cubo</td></tr></table></div>"`;

exports[`vertical-arithmetic-setup - normal variation 47 1`] = `"<div style="display: inline-block; font-family: 'Courier New', monospace; font-size: 1.2em; text-align: right;"><div style="text-align: center; margin-bottom: 5px; font-family: sans-serif;">curtus defetiscor coniecto</div><table style="border-collapse: collapse;"><tr><td></td><td style="padding: 2px 5px;">curtus</td></tr><tr><td style="padding: 2px 5px;">+</td><td style="padding: 2px 5px; border-bottom: 2px solid #000000;">curtus</td></tr></table></div>"`;

exports[`vertical-arithmetic-setup - normal variation 48 1`] = `"<div style="display: inline-block; font-family: 'Courier New', monospace; font-size: 1.2em; text-align: right;"><div style="text-align: center; margin-bottom: 5px; font-family: sans-serif;">apostolus sum cogito vigilo</div><table style="border-collapse: collapse;"><tr><td></td><td style="padding: 2px 5px;">apostolus</td></tr><tr><td style="padding: 2px 5px;">+</td><td style="padding: 2px 5px; border-bottom: 2px solid #000000;">apostolus</td></tr></table></div>"`;

exports[`vertical-arithmetic-setup - normal variation 49 1`] = `"<div style="display: inline-block; font-family: 'Courier New', monospace; font-size: 1.2em; text-align: right;"><div style="text-align: center; margin-bottom: 5px; font-family: sans-serif;">cupiditate amor</div><table style="border-collapse: collapse;"><tr><td></td><td style="padding: 2px 5px;">cupiditate</td></tr><tr><td style="padding: 2px 5px;">×</td><td style="padding: 2px 5px; border-bottom: 2px solid #000000;">cupiditate</td></tr></table></div>"`;

exports[`vertical-arithmetic-setup - normal variation 50 1`] = `"<div style="display: inline-block; font-family: 'Courier New', monospace; font-size: 1.2em; text-align: right;"><div style="text-align: center; margin-bottom: 5px; font-family: sans-serif;">cena repellendus carcer demergo</div><table style="border-collapse: collapse;"><tr><td></td><td style="padding: 2px 5px;">cena</td></tr><tr><td style="padding: 2px 5px;">+</td><td style="padding: 2px 5px; border-bottom: 2px solid #000000;">cena</td></tr></table></div>"`;
